5.187.35.158 - - [20/Dec/2025:00:18:47 +0000] "GET / HTTP/1.1" 200 437 "-" "Mozilla/5.0 (Windows NT 10.0; Win64; x64) AppleWebKit/537.36 (KHTML, like Gecko) Chrome/90.0.4430.85 Safari/537.36 Edg/90.0.818.46"
5.187.35.158 - - [20/Dec/2025:00:18:57 +0000] "GET / HTTP/1.1" 200 437 "-" "Mozilla/5.0 (Windows NT 10.0; Win64; x64) AppleWebKit/537.36 (KHTML, like Gecko) Chrome/90.0.4430.85 Safari/537.36 Edg/90.0.818.46"
5.187.35.158 - - [20/Dec/2025:00:19:08 +0000] "GET /SDK/webLanguage HTTP/1.1" 200 437 "-" "Mozilla/5.0 (Windows NT 10.0; Win64; x64) AppleWebKit/537.36 (KHTML, like Gecko) Chrome/90.0.4430.85 Safari/537.36 Edg/90.0.818.46"
165.22.242.127 - - [20/Dec/2025:00:20:28 +0000] "PROPFIND / HTTP/1.1" 200 956 "http://74.208.166.116:443/" "-"
51.159.102.238 - - [20/Dec/2025:00:44:31 +0000] "HEAD / HTTP/1.1" 200 0 "-" "curl/7.81.0"
51.159.102.238 - - [20/Dec/2025:00:44:41 +0000] "GET / HTTP/1.1" 200 437 "-" "Mozilla/5.0 (X11; Linux x86_64) AppleWebKit/537.36 (KHTML, like Gecko) Chrome/132.0.0.0 Safari/537.3"
51.159.102.238 - - [20/Dec/2025:00:44:41 +0000] "GET /stylesheets/style.css HTTP/1.1" 200 271 "https://meatlabel.app/" "Mozilla/5.0 (X11; Linux x86_64) AppleWebKit/537.36 (KHTML, like Gecko) Chrome/132.0.0.0 Safari/537.3"
51.159.102.238 - - [20/Dec/2025:00:44:41 +0000] "GET /css/bootstrap.min.css HTTP/1.1" 200 155758 "https://meatlabel.app/" "Mozilla/5.0 (X11; Linux x86_64) AppleWebKit/537.36 (KHTML, like Gecko) Chrome/132.0.0.0 Safari/537.3"
51.159.102.238 - - [20/Dec/2025:00:44:42 +0000] "GET /images/farm-cow.png HTTP/1.1" 200 437 "https://meatlabel.app/" "Mozilla/5.0 (X11; Linux x86_64) AppleWebKit/537.36 (KHTML, like Gecko) Chrome/132.0.0.0 Safari/537.3"
51.159.102.238 - - [20/Dec/2025:00:44:45 +0000] "GET /images/farm-cow.png HTTP/1.1" 200 437 "-" "Mozilla/5.0 (X11; Linux x86_64) AppleWebKit/537.36 (KHTML, like Gecko) Chrome/132.0.0.0 Safari/537.3"
51.159.102.238 - - [20/Dec/2025:00:44:46 +0000] "GET /favicon.ico HTTP/1.1" 200 437 "-" "Mozilla/5.0 (X11; Linux x86_64) AppleWebKit/537.36 (KHTML, like Gecko) Chrome/132.0.0.0 Safari/537.3"
51.159.102.238 - - [20/Dec/2025:00:44:49 +0000] "GET /ads.txt HTTP/1.1" 200 437 "-" "Mozilla/5.0 (X11; Linux x86_64) AppleWebKit/537.36 (KHTML, like Gecko) Chrome/132.0.0.0 Safari/537.3"
51.159.102.238 - - [20/Dec/2025:00:44:50 +0000] "GET /app-ads.txt HTTP/1.1" 200 437 "-" "Mozilla/5.0 (X11; Linux x86_64) AppleWebKit/537.36 (KHTML, like Gecko) Chrome/132.0.0.0 Safari/537.3"
51.159.102.238 - - [20/Dec/2025:00:44:50 +0000] "GET /sellers.json HTTP/1.1" 200 437 "-" "Mozilla/5.0 (X11; Linux x86_64) AppleWebKit/537.36 (KHTML, like Gecko) Chrome/132.0.0.0 Safari/537.3"
35.203.210.200 - - [20/Dec/2025:00:49:57 +0000] "GET / HTTP/1.1" 200 437 "-" "Hello from Palo Alto Networks, find out more about our scans in https://docs-cortex.paloaltonetworks.com/r/1/Cortex-Xpanse/Scanning-activity"
5.187.35.21 - - [20/Dec/2025:00:50:32 +0000] "POST / HTTP/1.1" 200 437 "-" "Go-http-client/1.1"
45.142.154.65 - - [20/Dec/2025:00:50:34 +0000] "GET / HTTP/1.1" 200 956 "-" "Mozilla/5.0 (Windows NT 6.1) AppleWebKit/537.36 (KHTML, like Gecko) Chrome/49.0.2623.112 Safari/537.36"
152.32.192.241 - - [20/Dec/2025:00:50:34 +0000] "GET / HTTP/1.1" 200 956 "-" "Mozilla/5.0 (Windows NT 6.1) AppleWebKit/537.36 (KHTML, like Gecko) Chrome/49.0.2623.112 Safari/537.36"
45.142.154.65 - - [20/Dec/2025:00:50:35 +0000] "GET /images/farm-cow.png HTTP/1.1" 200 956 "https://www.meatlabel.app" "Mozilla/5.0 (Windows NT 6.1) AppleWebKit/537.36 (KHTML, like Gecko) Chrome/49.0.2623.112 Safari/537.36"
45.142.154.65 - - [20/Dec/2025:00:50:36 +0000] "GET /favicon.ico HTTP/1.1" 200 956 "https://www.meatlabel.app" "Mozilla/5.0 (Windows NT 6.1) AppleWebKit/537.36 (KHTML, like Gecko) Chrome/49.0.2623.112 Safari/537.36"
152.32.192.241 - - [20/Dec/2025:00:50:36 +0000] "GET /images/farm-cow.png HTTP/1.1" 200 956 "https://meatlabel.app" "Mozilla/5.0 (Windows NT 6.1) AppleWebKit/537.36 (KHTML, like Gecko) Chrome/49.0.2623.112 Safari/537.36"
152.32.192.241 - - [20/Dec/2025:00:50:37 +0000] "GET /favicon.ico HTTP/1.1" 200 956 "https://meatlabel.app" "Mozilla/5.0 (Windows NT 6.1) AppleWebKit/537.36 (KHTML, like Gecko) Chrome/49.0.2623.112 Safari/537.36"
159.223.94.58 - - [20/Dec/2025:01:17:00 +0000] "PROPFIND / HTTP/1.1" 200 956 "http://74.208.166.116:443/" "-"
209.54.107.130 - - [20/Dec/2025:01:26:22 +0000] "GET / HTTP/1.1" 200 437 "-" "Mozilla/5.0 (Macintosh; Intel Mac OS X 10_15_7) AppleWebKit/537.36 (KHTML, like Gecko) Chrome/122.0.0.0 Safari/537.36"
67.240.117.81 - - [20/Dec/2025:01:28:16 +0000] "GET /app/tools/tools.js HTTP/1.1" 200 1000 "https://meatlabel.app/?eOCkl5Nt7cfJDRWrE5Z4WlwrSzaO7MVg&6" "Mozilla/5.0 (X11; Ubuntu; Linux x86_64; rv:146.0) Gecko/20100101 Firefox/146.0"
67.240.117.81 - - [20/Dec/2025:01:28:16 +0000] "GET /app/tools/cnfTools.js HTTP/1.1" 200 8614 "https://meatlabel.app/app/tools/tools.js" "Mozilla/5.0 (X11; Ubuntu; Linux x86_64; rv:146.0) Gecko/20100101 Firefox/146.0"
67.240.117.81 - - [20/Dec/2025:01:28:16 +0000] "GET /images/meatlabel-tools.svg HTTP/1.1" 304 0 "https://meatlabel.app/?eOCkl5Nt7cfJDRWrE5Z4WlwrSzaO7MVg&6" "Mozilla/5.0 (X11; Ubuntu; Linux x86_64; rv:146.0) Gecko/20100101 Firefox/146.0"
67.240.117.81 - - [20/Dec/2025:01:28:17 +0000] "GET /app/activities/activities.js HTTP/1.1" 200 1065 "https://meatlabel.app/?eOCkl5Nt7cfJDRWrE5Z4WlwrSzaO7MVg&6" "Mozilla/5.0 (X11; Ubuntu; Linux x86_64; rv:146.0) Gecko/20100101 Firefox/146.0"
67.240.117.81 - - [20/Dec/2025:01:28:17 +0000] "GET /app/activities/cnfActivities.js HTTP/1.1" 200 8587 "https://meatlabel.app/app/activities/activities.js" "Mozilla/5.0 (X11; Ubuntu; Linux x86_64; rv:146.0) Gecko/20100101 Firefox/146.0"
67.240.117.81 - - [20/Dec/2025:01:28:17 +0000] "GET /images/meatlabel-activities.svg HTTP/1.1" 200 40718 "https://meatlabel.app/?eOCkl5Nt7cfJDRWrE5Z4WlwrSzaO7MVg&6" "Mozilla/5.0 (X11; Ubuntu; Linux x86_64; rv:146.0) Gecko/20100101 Firefox/146.0"
67.240.117.81 - - [20/Dec/2025:01:28:18 +0000] "GET /app/products/products.js HTTP/1.1" 200 1071 "https://meatlabel.app/?eOCkl5Nt7cfJDRWrE5Z4WlwrSzaO7MVg&6" "Mozilla/5.0 (X11; Ubuntu; Linux x86_64; rv:146.0) Gecko/20100101 Firefox/146.0"
67.240.117.81 - - [20/Dec/2025:01:28:18 +0000] "GET /app/products/cnfProducts.js HTTP/1.1" 200 9395 "https://meatlabel.app/app/products/products.js" "Mozilla/5.0 (X11; Ubuntu; Linux x86_64; rv:146.0) Gecko/20100101 Firefox/146.0"
67.240.117.81 - - [20/Dec/2025:01:28:18 +0000] "GET /images/meatlabel-products.svg HTTP/1.1" 304 0 "https://meatlabel.app/?eOCkl5Nt7cfJDRWrE5Z4WlwrSzaO7MVg&6" "Mozilla/5.0 (X11; Ubuntu; Linux x86_64; rv:146.0) Gecko/20100101 Firefox/146.0"
67.240.117.81 - - [20/Dec/2025:01:28:19 +0000] "GET /app/documents/documents.js HTTP/1.1" 200 869 "https://meatlabel.app/?eOCkl5Nt7cfJDRWrE5Z4WlwrSzaO7MVg&6" "Mozilla/5.0 (X11; Ubuntu; Linux x86_64; rv:146.0) Gecko/20100101 Firefox/146.0"
67.240.117.81 - - [20/Dec/2025:01:28:19 +0000] "GET /app/documents/cnfDocuments.js HTTP/1.1" 200 4813 "https://meatlabel.app/app/documents/documents.js" "Mozilla/5.0 (X11; Ubuntu; Linux x86_64; rv:146.0) Gecko/20100101 Firefox/146.0"
67.240.117.81 - - [20/Dec/2025:01:28:19 +0000] "GET /images/meatlabel-documents.svg HTTP/1.1" 304 0 "https://meatlabel.app/?eOCkl5Nt7cfJDRWrE5Z4WlwrSzaO7MVg&6" "Mozilla/5.0 (X11; Ubuntu; Linux x86_64; rv:146.0) Gecko/20100101 Firefox/146.0"
66.249.73.132 - - [20/Dec/2025:01:29:35 +0000] "GET /robots.txt HTTP/1.1" 200 437 "-" "Mozilla/5.0 (compatible; Googlebot/2.1; +http://www.google.com/bot.html)"
66.249.73.132 - - [20/Dec/2025:01:29:35 +0000] "GET / HTTP/1.1" 200 437 "-" "Mozilla/5.0 (Linux; Android 6.0.1; Nexus 5X Build/MMB29P) AppleWebKit/537.36 (KHTML, like Gecko) Chrome/141.0.7390.122 Mobile Safari/537.36 (compatible; Googlebot/2.1; +http://www.google.com/bot.html)"
66.249.73.132 - - [20/Dec/2025:01:29:40 +0000] "GET /stylesheets/style.css HTTP/1.1" 200 271 "https://www.meatlabel.app/" "Mozilla/5.0 (Linux; Android 6.0.1; Nexus 5X Build/MMB29P) AppleWebKit/537.36 (KHTML, like Gecko) Chrome/141.0.7390.122 Mobile Safari/537.36 (compatible; Googlebot/2.1; +http://www.google.com/bot.html)"
66.249.73.131 - - [20/Dec/2025:01:29:41 +0000] "GET /css/bootstrap.min.css HTTP/1.1" 200 155758 "https://www.meatlabel.app/" "Mozilla/5.0 (Linux; Android 6.0.1; Nexus 5X Build/MMB29P) AppleWebKit/537.36 (KHTML, like Gecko) Chrome/141.0.7390.122 Mobile Safari/537.36 (compatible; Googlebot/2.1; +http://www.google.com/bot.html)"
66.249.73.131 - - [20/Dec/2025:01:29:51 +0000] "GET / HTTP/1.1" 200 437 "-" "Mozilla/5.0 (Linux; Android 6.0.1; Nexus 5X Build/MMB29P) AppleWebKit/537.36 (KHTML, like Gecko) Chrome/99.0.4844.84 Mobile Safari/537.36 (compatible; Googlebot/2.1; +http://www.google.com/bot.html)"
66.249.73.131 - - [20/Dec/2025:01:29:52 +0000] "GET / HTTP/1.1" 200 437 "-" "Mozilla/5.0 (compatible; Googlebot/2.1; +http://www.google.com/bot.html)"
66.249.73.131 - - [20/Dec/2025:01:29:52 +0000] "GET /stylesheets/style.css HTTP/1.1" 200 271 "https://www.meatlabel.app/" "Mozilla/5.0 (Linux; Android 6.0.1; Nexus 5X Build/MMB29P) AppleWebKit/537.36 (KHTML, like Gecko) Chrome/141.0.7390.122 Mobile Safari/537.36 (compatible; Googlebot/2.1; +http://www.google.com/bot.html)"
66.249.73.131 - - [20/Dec/2025:01:29:53 +0000] "GET /stylesheets/style.css HTTP/1.1" 200 271 "https://www.meatlabel.app/" "Mozilla/5.0 AppleWebKit/537.36 (KHTML, like Gecko; compatible; Googlebot/2.1; +http://www.google.com/bot.html) Chrome/141.0.7390.122 Safari/537.36"
66.249.73.131 - - [20/Dec/2025:01:29:53 +0000] "GET /css/bootstrap.min.css HTTP/1.1" 200 155758 "https://www.meatlabel.app/" "Mozilla/5.0 (Linux; Android 6.0.1; Nexus 5X Build/MMB29P) AppleWebKit/537.36 (KHTML, like Gecko) Chrome/141.0.7390.122 Mobile Safari/537.36 (compatible; Googlebot/2.1; +http://www.google.com/bot.html)"
66.249.73.131 - - [20/Dec/2025:01:29:54 +0000] "GET /css/bootstrap.min.css HTTP/1.1" 200 155758 "https://www.meatlabel.app/" "Mozilla/5.0 AppleWebKit/537.36 (KHTML, like Gecko; compatible; Googlebot/2.1; +http://www.google.com/bot.html) Chrome/141.0.7390.122 Safari/537.36"
66.249.73.131 - - [20/Dec/2025:01:29:55 +0000] "GET /images/farm-cow.png HTTP/1.1" 200 437 "-" "Googlebot-Image/1.0"
66.249.73.131 - - [20/Dec/2025:01:29:56 +0000] "GET /favicon.ico HTTP/1.1" 200 437 "-" "Googlebot-Image/1.0"
187.110.175.195 - - [20/Dec/2025:01:35:30 +0000] "GET /admin/config.php HTTP/1.0" 200 956 "-" "xfa1,nvdorz,nvd0rz"
185.241.208.170 - - [20/Dec/2025:01:38:35 +0000] "GET /.env HTTP/1.1" 200 437 "-" "Mozilla/5.0 (Macintosh; Intel Mac OS X 10_14_5) AppleWebKit/537.36 (KHTML, like Gecko) Chrome/74.0.3729.131 Safari/537.36"
67.240.117.81 - - [20/Dec/2025:01:56:38 +0000] "GET /logout?reason=user HTTP/1.1" 302 30 "https://meatlabel.app/?J_WYxC1amzht6j2aAJzVqjapQCKNT1Yp&6" "Mozilla/5.0 (Macintosh; Intel Mac OS X 10_15_7) AppleWebKit/537.36 (KHTML, like Gecko) Chrome/143.0.0.0 Safari/537.36"
67.240.117.81 - - [20/Dec/2025:01:56:38 +0000] "GET / HTTP/1.1" 304 0 "https://meatlabel.app/?J_WYxC1amzht6j2aAJzVqjapQCKNT1Yp&6" "Mozilla/5.0 (Macintosh; Intel Mac OS X 10_15_7) AppleWebKit/537.36 (KHTML, like Gecko) Chrome/143.0.0.0 Safari/537.36"
67.240.117.81 - - [20/Dec/2025:01:56:38 +0000] "GET /css/bootstrap.min.css HTTP/1.1" 304 0 "https://meatlabel.app/" "Mozilla/5.0 (Macintosh; Intel Mac OS X 10_15_7) AppleWebKit/537.36 (KHTML, like Gecko) Chrome/143.0.0.0 Safari/537.36"
67.240.117.81 - - [20/Dec/2025:01:56:38 +0000] "GET /stylesheets/style.css HTTP/1.1" 304 0 "https://meatlabel.app/" "Mozilla/5.0 (Macintosh; Intel Mac OS X 10_15_7) AppleWebKit/537.36 (KHTML, like Gecko) Chrome/143.0.0.0 Safari/537.36"
67.240.117.81 - - [20/Dec/2025:01:56:46 +0000] "GET /logout?reason=user HTTP/1.1" 302 30 "https://meatlabel.app/?J_WYxC1amzht6j2aAJzVqjapQCKNT1Yp&6" "Mozilla/5.0 (Macintosh; Intel Mac OS X 10_15_7) AppleWebKit/537.36 (KHTML, like Gecko) Chrome/143.0.0.0 Safari/537.36"
67.240.117.81 - - [20/Dec/2025:01:56:47 +0000] "GET / HTTP/1.1" 304 0 "https://meatlabel.app/?J_WYxC1amzht6j2aAJzVqjapQCKNT1Yp&6" "Mozilla/5.0 (Macintosh; Intel Mac OS X 10_15_7) AppleWebKit/537.36 (KHTML, like Gecko) Chrome/143.0.0.0 Safari/537.36"
67.240.117.81 - - [20/Dec/2025:01:56:47 +0000] "GET /stylesheets/style.css HTTP/1.1" 304 0 "https://meatlabel.app/" "Mozilla/5.0 (Macintosh; Intel Mac OS X 10_15_7) AppleWebKit/537.36 (KHTML, like Gecko) Chrome/143.0.0.0 Safari/537.36"
67.240.117.81 - - [20/Dec/2025:01:56:47 +0000] "GET /css/bootstrap.min.css HTTP/1.1" 304 0 "https://meatlabel.app/" "Mozilla/5.0 (Macintosh; Intel Mac OS X 10_15_7) AppleWebKit/537.36 (KHTML, like Gecko) Chrome/143.0.0.0 Safari/537.36"
67.240.117.81 - - [20/Dec/2025:02:06:37 +0000] "GET / HTTP/1.1" 200 437 "-" "Mozilla/5.0 (Windows NT 10.0; Win64; x64) AppleWebKit/537.36 (KHTML, like Gecko) Chrome/142.0.0.0 Safari/537.36"
67.240.117.81 - - [20/Dec/2025:02:06:37 +0000] "GET /css/bootstrap.min.css HTTP/1.1" 200 155758 "https://meatlabel.app/" "Mozilla/5.0 (Windows NT 10.0; Win64; x64) AppleWebKit/537.36 (KHTML, like Gecko) Chrome/142.0.0.0 Safari/537.36"
67.240.117.81 - - [20/Dec/2025:02:06:37 +0000] "GET /stylesheets/style.css HTTP/1.1" 200 271 "https://meatlabel.app/" "Mozilla/5.0 (Windows NT 10.0; Win64; x64) AppleWebKit/537.36 (KHTML, like Gecko) Chrome/142.0.0.0 Safari/537.36"
67.240.117.81 - - [20/Dec/2025:02:06:37 +0000] "GET /images/farm-cow.png HTTP/1.1" 200 437 "https://meatlabel.app/" "Mozilla/5.0 (Windows NT 10.0; Win64; x64) AppleWebKit/537.36 (KHTML, like Gecko) Chrome/142.0.0.0 Safari/537.36"
165.22.101.34 - - [20/Dec/2025:02:06:47 +0000] "PROPFIND / HTTP/1.1" 200 956 "http://74.208.166.116:443/" "-"
67.240.117.81 - - [20/Dec/2025:02:07:36 +0000] "POST /login HTTP/1.1" 302 69 "https://meatlabel.app/" "Mozilla/5.0 (Windows NT 10.0; Win64; x64) AppleWebKit/537.36 (KHTML, like Gecko) Chrome/142.0.0.0 Safari/537.36"
67.240.117.81 - - [20/Dec/2025:02:07:36 +0000] "GET /?_LaMF5_vsUq7X_UeylBQ3asKzLLN6Ulz&9 HTTP/1.1" 200 493 "https://meatlabel.app/" "Mozilla/5.0 (Windows NT 10.0; Win64; x64) AppleWebKit/537.36 (KHTML, like Gecko) Chrome/142.0.0.0 Safari/537.36"
67.240.117.81 - - [20/Dec/2025:02:07:36 +0000] "GET /libs/w2ui.css HTTP/1.1" 200 247822 "https://meatlabel.app/?_LaMF5_vsUq7X_UeylBQ3asKzLLN6Ulz&9" "Mozilla/5.0 (Windows NT 10.0; Win64; x64) AppleWebKit/537.36 (KHTML, like Gecko) Chrome/142.0.0.0 Safari/537.36"
67.240.117.81 - - [20/Dec/2025:02:07:36 +0000] "GET /icons/icon-font.css HTTP/1.1" 200 9149 "https://meatlabel.app/?_LaMF5_vsUq7X_UeylBQ3asKzLLN6Ulz&9" "Mozilla/5.0 (Windows NT 10.0; Win64; x64) AppleWebKit/537.36 (KHTML, like Gecko) Chrome/142.0.0.0 Safari/537.36"
67.240.117.81 - - [20/Dec/2025:02:07:36 +0000] "GET /global.css HTTP/1.1" 200 2445 "https://meatlabel.app/?_LaMF5_vsUq7X_UeylBQ3asKzLLN6Ulz&9" "Mozilla/5.0 (Windows NT 10.0; Win64; x64) AppleWebKit/537.36 (KHTML, like Gecko) Chrome/142.0.0.0 Safari/537.36"
67.240.117.81 - - [20/Dec/2025:02:07:36 +0000] "GET /app/start.js HTTP/1.1" 200 5548 "https://meatlabel.app/?_LaMF5_vsUq7X_UeylBQ3asKzLLN6Ulz&9" "Mozilla/5.0 (Windows NT 10.0; Win64; x64) AppleWebKit/537.36 (KHTML, like Gecko) Chrome/142.0.0.0 Safari/537.36"
67.240.117.81 - - [20/Dec/2025:02:07:36 +0000] "GET /images/meat-doodle-label.png HTTP/1.1" 200 7348 "https://meatlabel.app/?_LaMF5_vsUq7X_UeylBQ3asKzLLN6Ulz&9" "Mozilla/5.0 (Windows NT 10.0; Win64; x64) AppleWebKit/537.36 (KHTML, like Gecko) Chrome/142.0.0.0 Safari/537.36"
67.240.117.81 - - [20/Dec/2025:02:07:36 +0000] "GET /app/activeRoute.js HTTP/1.1" 200 1473 "https://meatlabel.app/app/start.js" "Mozilla/5.0 (Windows NT 10.0; Win64; x64) AppleWebKit/537.36 (KHTML, like Gecko) Chrome/142.0.0.0 Safari/537.36"
67.240.117.81 - - [20/Dec/2025:02:07:36 +0000] "GET /app/router.js HTTP/1.1" 200 3988 "https://meatlabel.app/app/start.js" "Mozilla/5.0 (Windows NT 10.0; Win64; x64) AppleWebKit/537.36 (KHTML, like Gecko) Chrome/142.0.0.0 Safari/537.36"
67.240.117.81 - - [20/Dec/2025:02:07:36 +0000] "GET /app/activePanel.js HTTP/1.1" 200 372 "https://meatlabel.app/app/start.js" "Mozilla/5.0 (Windows NT 10.0; Win64; x64) AppleWebKit/537.36 (KHTML, like Gecko) Chrome/142.0.0.0 Safari/537.36"
67.240.117.81 - - [20/Dec/2025:02:07:37 +0000] "GET /app/routes.js HTTP/1.1" 200 235 "https://meatlabel.app/app/router.js" "Mozilla/5.0 (Windows NT 10.0; Win64; x64) AppleWebKit/537.36 (KHTML, like Gecko) Chrome/142.0.0.0 Safari/537.36"
67.240.117.81 - - [20/Dec/2025:02:07:37 +0000] "GET /libs/w2ui.es6.min.js HTTP/1.1" 200 498810 "https://meatlabel.app/app/start.js" "Mozilla/5.0 (Windows NT 10.0; Win64; x64) AppleWebKit/537.36 (KHTML, like Gecko) Chrome/142.0.0.0 Safari/537.36"
67.240.117.81 - - [20/Dec/2025:02:07:37 +0000] "POST /loginprofile/get_profile HTTP/1.1" 200 73 "https://meatlabel.app/?_LaMF5_vsUq7X_UeylBQ3asKzLLN6Ulz&9" "Mozilla/5.0 (Windows NT 10.0; Win64; x64) AppleWebKit/537.36 (KHTML, like Gecko) Chrome/142.0.0.0 Safari/537.36"
67.240.117.81 - - [20/Dec/2025:02:07:37 +0000] "GET /app/main/main.js HTTP/1.1" 200 48600 "https://meatlabel.app/?_LaMF5_vsUq7X_UeylBQ3asKzLLN6Ulz&9" "Mozilla/5.0 (Windows NT 10.0; Win64; x64) AppleWebKit/537.36 (KHTML, like Gecko) Chrome/142.0.0.0 Safari/537.36"
67.240.117.81 - - [20/Dec/2025:02:07:37 +0000] "GET /app/main/prefs.js HTTP/1.1" 200 387 "https://meatlabel.app/app/main/main.js" "Mozilla/5.0 (Windows NT 10.0; Win64; x64) AppleWebKit/537.36 (KHTML, like Gecko) Chrome/142.0.0.0 Safari/537.36"
67.240.117.81 - - [20/Dec/2025:02:07:37 +0000] "GET /app/main/cnfMain.js HTTP/1.1" 200 13592 "https://meatlabel.app/app/main/main.js" "Mozilla/5.0 (Windows NT 10.0; Win64; x64) AppleWebKit/537.36 (KHTML, like Gecko) Chrome/142.0.0.0 Safari/537.36"
67.240.117.81 - - [20/Dec/2025:02:07:37 +0000] "GET /app/main/cnfMainPopup.js HTTP/1.1" 200 1018 "https://meatlabel.app/app/main/main.js" "Mozilla/5.0 (Windows NT 10.0; Win64; x64) AppleWebKit/537.36 (KHTML, like Gecko) Chrome/142.0.0.0 Safari/537.36"
67.240.117.81 - - [20/Dec/2025:02:07:37 +0000] "GET /images/pork-cuts.svg HTTP/1.1" 200 29868 "https://meatlabel.app/?_LaMF5_vsUq7X_UeylBQ3asKzLLN6Ulz&9" "Mozilla/5.0 (Windows NT 10.0; Win64; x64) AppleWebKit/537.36 (KHTML, like Gecko) Chrome/142.0.0.0 Safari/537.36"
67.240.117.81 - - [20/Dec/2025:02:07:37 +0000] "GET /images/beef-cuts.svg HTTP/1.1" 200 29820 "https://meatlabel.app/?_LaMF5_vsUq7X_UeylBQ3asKzLLN6Ulz&9" "Mozilla/5.0 (Windows NT 10.0; Win64; x64) AppleWebKit/537.36 (KHTML, like Gecko) Chrome/142.0.0.0 Safari/537.36"
67.240.117.81 - - [20/Dec/2025:02:07:37 +0000] "GET /images/custom-meat-label.png HTTP/1.1" 200 504530 "https://meatlabel.app/?_LaMF5_vsUq7X_UeylBQ3asKzLLN6Ulz&9" "Mozilla/5.0 (Windows NT 10.0; Win64; x64) AppleWebKit/537.36 (KHTML, like Gecko) Chrome/142.0.0.0 Safari/537.36"
67.240.117.81 - - [20/Dec/2025:02:07:37 +0000] "GET /icons/icon-font.woff?1632509467292 HTTP/1.1" 200 25888 "https://meatlabel.app/icons/icon-font.css" "Mozilla/5.0 (Windows NT 10.0; Win64; x64) AppleWebKit/537.36 (KHTML, like Gecko) Chrome/142.0.0.0 Safari/537.36"
67.240.117.81 - - [20/Dec/2025:02:07:37 +0000] "GET /images/beef-chart.jpg HTTP/1.1" 200 828116 "https://meatlabel.app/?_LaMF5_vsUq7X_UeylBQ3asKzLLN6Ulz&9" "Mozilla/5.0 (Windows NT 10.0; Win64; x64) AppleWebKit/537.36 (KHTML, like Gecko) Chrome/142.0.0.0 Safari/537.36"
67.240.117.81 - - [20/Dec/2025:02:07:38 +0000] "GET /images/farm-cow.png HTTP/1.1" 200 45041 "https://meatlabel.app/?_LaMF5_vsUq7X_UeylBQ3asKzLLN6Ulz&9" "Mozilla/5.0 (Windows NT 10.0; Win64; x64) AppleWebKit/537.36 (KHTML, like Gecko) Chrome/142.0.0.0 Safari/537.36"
95.214.55.71 - - [20/Dec/2025:02:08:48 +0000] "GET / HTTP/1.1" 200 956 "-" "python-requests/2.31.0"
157.245.199.254 - - [20/Dec/2025:02:20:47 +0000] "PROPFIND / HTTP/1.1" 200 956 "http://74.208.166.116:443/" "-"
91.232.238.106 - - [20/Dec/2025:02:21:53 +0000] "GET /robots.txt HTTP/1.0" 200 956 "-" "xfa1"
67.240.117.81 - - [20/Dec/2025:02:29:00 +0000] "GET /logout?reason=user HTTP/1.1" 302 30 "https://meatlabel.app/?eOCkl5Nt7cfJDRWrE5Z4WlwrSzaO7MVg&6" "Mozilla/5.0 (X11; Ubuntu; Linux x86_64; rv:146.0) Gecko/20100101 Firefox/146.0"
67.240.117.81 - - [20/Dec/2025:02:29:00 +0000] "GET / HTTP/1.1" 200 437 "https://meatlabel.app/?eOCkl5Nt7cfJDRWrE5Z4WlwrSzaO7MVg&6" "Mozilla/5.0 (X11; Ubuntu; Linux x86_64; rv:146.0) Gecko/20100101 Firefox/146.0"
67.240.117.81 - - [20/Dec/2025:02:29:00 +0000] "GET /css/bootstrap.min.css HTTP/1.1" 200 155758 "https://meatlabel.app/" "Mozilla/5.0 (X11; Ubuntu; Linux x86_64; rv:146.0) Gecko/20100101 Firefox/146.0"
67.240.117.81 - - [20/Dec/2025:02:29:00 +0000] "GET /stylesheets/style.css HTTP/1.1" 200 271 "https://meatlabel.app/" "Mozilla/5.0 (X11; Ubuntu; Linux x86_64; rv:146.0) Gecko/20100101 Firefox/146.0"
66.249.74.34 - - [20/Dec/2025:02:30:44 +0000] "GET /robots.txt HTTP/1.1" 200 437 "-" "Mozilla/5.0 (compatible; Googlebot/2.1; +http://www.google.com/bot.html)"
66.249.74.35 - - [20/Dec/2025:02:30:44 +0000] "GET / HTTP/1.1" 200 437 "-" "Mozilla/5.0 (Linux; Android 6.0.1; Nexus 5X Build/MMB29P) AppleWebKit/537.36 (KHTML, like Gecko) Chrome/141.0.7390.122 Mobile Safari/537.36 (compatible; Googlebot/2.1; +http://www.google.com/bot.html)"
66.249.74.36 - - [20/Dec/2025:02:30:46 +0000] "GET /css/bootstrap.min.css HTTP/1.1" 200 155758 "https://meatlabel.app/" "Mozilla/5.0 (Linux; Android 6.0.1; Nexus 5X Build/MMB29P) AppleWebKit/537.36 (KHTML, like Gecko) Chrome/141.0.7390.122 Mobile Safari/537.36 (compatible; Googlebot/2.1; +http://www.google.com/bot.html)"
66.249.74.35 - - [20/Dec/2025:02:30:47 +0000] "GET /stylesheets/style.css HTTP/1.1" 200 271 "https://meatlabel.app/" "Mozilla/5.0 (Linux; Android 6.0.1; Nexus 5X Build/MMB29P) AppleWebKit/537.36 (KHTML, like Gecko) Chrome/141.0.7390.122 Mobile Safari/537.36 (compatible; Googlebot/2.1; +http://www.google.com/bot.html)"
66.249.74.34 - - [20/Dec/2025:02:30:52 +0000] "GET / HTTP/1.1" 200 437 "-" "Mozilla/5.0 (Linux; Android 6.0.1; Nexus 5X Build/MMB29P) AppleWebKit/537.36 (KHTML, like Gecko) Chrome/99.0.4844.84 Mobile Safari/537.36 (compatible; Googlebot/2.1; +http://www.google.com/bot.html)"
66.249.74.35 - - [20/Dec/2025:02:30:53 +0000] "GET / HTTP/1.1" 200 437 "-" "Mozilla/5.0 (compatible; Googlebot/2.1; +http://www.google.com/bot.html)"
66.249.74.34 - - [20/Dec/2025:02:30:53 +0000] "GET /images/farm-cow.png HTTP/1.1" 200 437 "-" "Googlebot-Image/1.0"
66.249.74.35 - - [20/Dec/2025:02:30:54 +0000] "GET /favicon.ico HTTP/1.1" 200 437 "-" "Googlebot-Image/1.0"
139.59.179.244 - - [20/Dec/2025:02:41:44 +0000] "GET /+CSCOL+/Java.jar HTTP/1.1" 200 437 "-" "Mozilla/5.0 (Windows NT 10.0; Win64; x64) AppleWebKit/537.36 (KHTML, like Gecko) Chrome/108.0.0.0 Safari/537.36"
139.59.179.244 - - [20/Dec/2025:02:41:45 +0000] "GET /+CSCOE+/logon_forms.js HTTP/1.1" 200 437 "-" "Mozilla/5.0 (Windows NT 10.0; Win64; x64) AppleWebKit/537.36 (KHTML, like Gecko) Chrome/108.0.0.0 Safari/537.36"
139.59.179.244 - - [20/Dec/2025:02:41:46 +0000] "GET /+CSCOL+/a1.jar HTTP/1.1" 200 437 "-" "Mozilla/5.0 (Windows NT 10.0; Win64; x64) AppleWebKit/537.36 (KHTML, like Gecko) Chrome/108.0.0.0 Safari/537.36"
139.59.179.244 - - [20/Dec/2025:02:41:47 +0000] "GET /+CSCOE+/transfer.js HTTP/1.1" 200 437 "-" "Mozilla/5.0 (Windows NT 10.0; Win64; x64) AppleWebKit/537.36 (KHTML, like Gecko) Chrome/108.0.0.0 Safari/537.36"
176.65.149.253 - - [20/Dec/2025:02:46:11 +0000] "GET /.streamlit/secrets.toml HTTP/1.0" 200 956 "-" "Mozilla/5.0 (Windows NT 10.0; Win64; x64) AppleWebKit/537.36 (KHTML, like Gecko) Chrome/124.0.0.0 Safari/537.36"
18.231.166.95 - - [20/Dec/2025:02:46:48 +0000] "GET / HTTP/1.1" 200 437 "-" "Mozilla/5.0 (Windows NT 10.0; Win64; x64) AppleWebKit/537.36 (KHTML, like Gecko) Chrome/60.0.3112.113 Safari/537.36 Assetnote/1.0.0"
18.231.166.95 - - [20/Dec/2025:02:46:48 +0000] "HEAD /apps HTTP/1.1" 200 0 "-" "Mozilla/5.0 (Windows NT 10.0; Win64; x64) AppleWebKit/537.36 (KHTML, like Gecko) Chrome/60.0.3112.113 Safari/537.36 Assetnote/1.0.0"
18.231.166.95 - - [20/Dec/2025:02:46:48 +0000] "POST /apps HTTP/1.1" 200 437 "-" "Mozilla/5.0 (Windows NT 10.0; Win64; x64) AppleWebKit/537.36 (KHTML, like Gecko) Chrome/60.0.3112.113 Safari/537.36 Assetnote/1.0.0"
193.142.147.209 - - [20/Dec/2025:02:53:19 +0000] "POST / HTTP/1.1" 200 437 "-" "Mozilla/5.0 (Windows NT 10.0; Win64; x64) AppleWebKit/537.36"
67.240.117.81 - - [20/Dec/2025:03:12:44 +0000] "GET / HTTP/1.1" 200 437 "-" "Mozilla/5.0 (Windows NT 10.0; Win64; x64) AppleWebKit/537.36 (KHTML, like Gecko) Chrome/142.0.0.0 Safari/537.36"
157.230.254.13 - - [20/Dec/2025:03:16:24 +0000] "PROPFIND / HTTP/1.1" 200 956 "http://74.208.166.116:443/" "-"
170.64.175.131 - - [20/Dec/2025:03:26:34 +0000] "GET /.env HTTP/1.1" 200 437 "-" "Mozilla/5.0; Keydrop.io/1.0(onlyscans.com/about);"
170.64.175.131 - - [20/Dec/2025:03:26:35 +0000] "GET /.env HTTP/1.1" 400 264 "-" "Mozilla/5.0; Keydrop.io/1.0(onlyscans.com/about);"
170.64.175.131 - - [20/Dec/2025:03:26:36 +0000] "GET /.git/config HTTP/1.1" 200 437 "-" "Mozilla/5.0; Keydrop.io/1.0(onlyscans.com/about);"
170.64.175.131 - - [20/Dec/2025:03:26:36 +0000] "GET /.git/config HTTP/1.1" 400 264 "-" "Mozilla/5.0; Keydrop.io/1.0(onlyscans.com/about);"
103.139.144.121 - - [20/Dec/2025:03:34:47 +0000] "GET /wp-login.php HTTP/1.1" 200 437 "-" "Mozilla/5.0"
51.159.23.43 - - [20/Dec/2025:03:42:15 +0000] "GET / HTTP/1.1" 200 956 "-" "-"
20.46.235.162 - - [20/Dec/2025:03:58:05 +0000] "GET / HTTP/1.1" 200 437 "-" "Mozilla/5.0 zgrab/0.x"
20.46.235.162 - - [20/Dec/2025:03:58:05 +0000] "MGLNDD_74.208.166.116_443" 400 166 "-" "-"
92.63.197.197 - - [20/Dec/2025:04:23:52 +0000] "GET / HTTP/1.1" 400 666 "-" "Mozilla/5.0 (Linux; U; Android 4.4.3; en-us; KFAPWA Build/KTU84M) AppleWebKit/537.36 (KHTML, like Gecko) Silk/3.68 like Chrome/39.0.2171.93 Safari/537.36"
92.63.197.197 - - [20/Dec/2025:04:23:52 +0000] "GET / HTTP/1.1" 200 956 "-" "Mozilla/4.0 (compatible; MSIE 8.0; Windows NT 5.1; WOW64; Trident/4.0; SLCC2; .NET CLR 2.0.50727; .NET CLR 3.5.30729; .NET CLR 3.0.30729; Media Center PC 6.0; .NET4.0C; .NET4.0E; 360SE)"
92.63.197.50 - - [20/Dec/2025:04:35:12 +0000] "GET / HTTP/1.1" 200 437 "-" "Mozilla/5.0 (Windows NT 10.0; Win64; x64) AppleWebKit/537.36 (KHTML, like Gecko) Chrome/140.0.0.0 Safari/537.36"
92.63.197.50 - - [20/Dec/2025:04:35:13 +0000] "GET / HTTP/1.1" 400 666 "-" "Mozilla/5.0 (Windows NT 10.0; Win64; x64) AppleWebKit/537.36 (KHTML, like Gecko) Chrome/140.0.0.0 Safari/537.36"
192.241.129.157 - - [20/Dec/2025:05:04:40 +0000] "GET / HTTP/1.1" 400 166 "-" "-"
192.241.129.157 - - [20/Dec/2025:05:04:48 +0000] "GET /.env HTTP/1.1" 200 437 "-" "Mozilla/5.0 (Windows NT 10.0; Win64; x64) AppleWebKit/537.36 (KHTML, like Gecko) Chrome/112.0.5615.137 Safari/537.36"
192.241.129.157 - - [20/Dec/2025:05:04:55 +0000] "GET / HTTP/1.1" 400 166 "-" "-"
192.241.129.157 - - [20/Dec/2025:05:05:02 +0000] "GET /.env HTTP/1.1" 200 437 "-" "Mozilla/5.0 (Windows NT 10.0; Win64; x64) AppleWebKit/537.36 (KHTML, like Gecko) Chrome/112.0.5615.137 Safari/537.36"
66.249.73.131 - - [20/Dec/2025:05:24:45 +0000] "GET /about HTTP/1.1" 200 476 "-" "Mozilla/5.0 (Linux; Android 6.0.1; Nexus 5X Build/MMB29P) AppleWebKit/537.36 (KHTML, like Gecko) Chrome/141.0.7390.122 Mobile Safari/537.36 (compatible; GoogleOther)"
66.249.73.132 - - [20/Dec/2025:05:40:44 +0000] "GET /stylesheets/style.css HTTP/1.1" 200 271 "https://www.meatlabel.app/about" "Mozilla/5.0 (Linux; Android 6.0.1; Nexus 5X Build/MMB29P) AppleWebKit/537.36 (KHTML, like Gecko) Chrome/141.0.7390.122 Mobile Safari/537.36 (compatible; GoogleOther)"
193.142.147.209 - - [20/Dec/2025:06:06:26 +0000] "POST / HTTP/1.1" 200 437 "-" "Mozilla/5.0 (Windows NT 10.0; Win64; x64) AppleWebKit/537.36"
185.189.182.234 - - [20/Dec/2025:06:09:18 +0000] "GET /TPVb HTTP/1.1" 400 166 "-" "-"
172.236.228.38 - - [20/Dec/2025:06:23:01 +0000] "GET / HTTP/1.1" 400 666 "-" "Mozilla/5.0 (Macintosh; Intel Mac OS X 13_1) AppleWebKit/537.36 (KHTML, like Gecko) Chrome/108.0.0.0 Safari/537.36"
95.214.55.71 - - [20/Dec/2025:06:41:48 +0000] "GET / HTTP/1.1" 200 956 "-" "python-requests/2.31.0"
45.194.92.18 - - [20/Dec/2025:06:54:21 +0000] "GET /cgi-bin/webproc HTTP/1.0" 400 264 "http://74.208.166.116:443/cgi-bin/webproc" "Mozilla/5.0 (X11; Ubuntu; Linux x86_64; rv:71.0) Gecko/20100101 Firefox/71.0"
157.230.254.13 - - [20/Dec/2025:07:09:07 +0000] "PROPFIND / HTTP/1.1" 200 956 "http://74.208.166.116:443/" "-"
80.94.95.39 - - [20/Dec/2025:07:11:13 +0000] "GET /login HTTP/1.1" 400 264 "-" "Mozilla/5.0"
80.94.95.39 - - [20/Dec/2025:07:11:16 +0000] "GET /login HTTP/1.1" 302 23 "-" "Mozilla/5.0"
20.118.227.20 - - [20/Dec/2025:07:42:19 +0000] "GET /developmentserver/metadatauploader HTTP/1.1" 200 437 "-" "Mozilla/5.0 zgrab/0.x"
157.245.199.254 - - [20/Dec/2025:07:43:47 +0000] "PROPFIND / HTTP/1.1" 200 956 "http://74.208.166.116:443/" "-"
66.249.74.36 - - [20/Dec/2025:07:53:38 +0000] "GET /about HTTP/1.1" 200 476 "-" "Mozilla/5.0 (Linux; Android 6.0.1; Nexus 5X Build/MMB29P) AppleWebKit/537.36 (KHTML, like Gecko) Chrome/141.0.7390.122 Mobile Safari/537.36 (compatible; GoogleOther)"
66.249.74.34 - - [20/Dec/2025:07:53:41 +0000] "GET /about HTTP/1.1" 200 476 "-" "Mozilla/5.0 (Linux; Android 6.0.1; Nexus 5X Build/MMB29P) AppleWebKit/537.36 (KHTML, like Gecko) Chrome/141.0.7390.122 Mobile Safari/537.36 (compatible; GoogleOther)"
66.249.74.36 - - [20/Dec/2025:07:54:39 +0000] "GET /stylesheets/style.css HTTP/1.1" 200 271 "https://meatlabel.app/about" "Mozilla/5.0 (Linux; Android 6.0.1; Nexus 5X Build/MMB29P) AppleWebKit/537.36 (KHTML, like Gecko) Chrome/141.0.7390.122 Mobile Safari/537.36 (compatible; Googlebot/2.1; +http://www.google.com/bot.html)"
178.22.24.64 - - [20/Dec/2025:08:20:54 +0000] "GET / HTTP/1.1" 200 437 "-" "Mozilla/5.0 (Windows NT 10.0; Win64; x64) AppleWebKit/537.36 (KHTML, like Gecko) Chrome/140.0.0.0 Safari/537.36"
178.22.24.64 - - [20/Dec/2025:08:20:54 +0000] "GET / HTTP/1.1" 400 666 "-" "Mozilla/5.0 (Windows NT 10.0; Win64; x64) AppleWebKit/537.36 (KHTML, like Gecko) Chrome/140.0.0.0 Safari/537.36"
159.223.94.58 - - [20/Dec/2025:08:29:49 +0000] "PROPFIND / HTTP/1.1" 200 956 "http://74.208.166.116:443/" "-"
176.53.218.106 - - [20/Dec/2025:08:33:27 +0000] "GET / HTTP/1.1" 200 437 "-" "Mozilla/5.0 (Windows NT 10.0; Win64; x64) AppleWebKit/537.36 (KHTML, like Gecko) Chrome/94.0.4606.61 Safari/537.36"
45.90.60.138 - - [20/Dec/2025:08:49:53 +0000] "GET / HTTP/1.1" 200 437 "-" "Mozilla/5.0 (Windows NT 10.0; Win64; x64) AppleWebKit/537.36 (KHTML, like Gecko) Chrome/94.0.4606.61 Safari/537.36"
108.160.143.208 - - [20/Dec/2025:08:51:28 +0000] "GET /wp-login.php HTTP/1.1" 200 437 "-" "Mozilla/5.0"
185.12.59.118 - - [20/Dec/2025:08:52:05 +0000] "GET / HTTP/1.1" 400 264 "-" "Mozilla/5.0 (Windows NT 10.0; Win64; x64; rv:132.0) Gecko/20100101 Firefox/132.0"
45.227.254.152 - - [20/Dec/2025:09:05:08 +0000] "\x03\x00\x00/*\xE0\x00\x00\x00\x00\x00Cookie: mstshash=Administr" 400 166 "-" "-"
66.249.74.36 - - [20/Dec/2025:09:09:13 +0000] "GET /about HTTP/1.1" 200 476 "-" "Mozilla/5.0 (Linux; Android 6.0.1; Nexus 5X Build/MMB29P) AppleWebKit/537.36 (KHTML, like Gecko) Chrome/141.0.7390.122 Mobile Safari/537.36 (compatible; Googlebot/2.1; +http://www.google.com/bot.html)"
85.11.182.27 - - [20/Dec/2025:09:12:49 +0000] "GET / HTTP/1.1" 200 437 "-" "Mozilla/5.0 (Windows NT 10.0; Win64; x64) AppleWebKit/537.36 (KHTML, like Gecko) Chrome/140.0.0.0 Safari/537.36"
85.11.182.27 - - [20/Dec/2025:09:12:49 +0000] "GET / HTTP/1.1" 400 666 "-" "Mozilla/5.0 (Windows NT 10.0; Win64; x64) AppleWebKit/537.36 (KHTML, like Gecko) Chrome/140.0.0.0 Safari/537.36"
66.249.73.131 - - [20/Dec/2025:09:14:39 +0000] "GET /about HTTP/1.1" 200 476 "-" "Mozilla/5.0 (Linux; Android 6.0.1; Nexus 5X Build/MMB29P) AppleWebKit/537.36 (KHTML, like Gecko) Chrome/141.0.7390.122 Mobile Safari/537.36 (compatible; Googlebot/2.1; +http://www.google.com/bot.html)"
178.128.87.57 - - [20/Dec/2025:09:30:10 +0000] "GET /admin/config.php HTTP/1.0" 200 956 "-" "nvdorz"
95.214.55.71 - - [20/Dec/2025:09:36:28 +0000] "GET / HTTP/1.1" 200 956 "-" "python-requests/2.31.0"
165.22.101.34 - - [20/Dec/2025:09:48:50 +0000] "PROPFIND / HTTP/1.1" 200 956 "http://74.208.166.116:443/" "-"
68.183.234.44 - - [20/Dec/2025:09:52:39 +0000] "PROPFIND / HTTP/1.1" 200 956 "http://74.208.166.116:443/" "-"
135.237.127.54 - - [20/Dec/2025:10:09:13 +0000] "GET /owa/auth/logon.aspx HTTP/1.1" 200 437 "-" "Mozilla/5.0 zgrab/0.x"
193.142.147.209 - - [20/Dec/2025:10:09:40 +0000] "POST / HTTP/1.1" 200 437 "-" "Mozilla/5.0 (Windows NT 10.0; Win64; x64) AppleWebKit/537.36"
190.92.233.29 - - [20/Dec/2025:10:25:24 +0000] "HEAD / HTTP/1.1" 200 0 "-" "Mozilla/5.0 (Linux; Android 6.0; Nexus 5 Build/MRA58N) AppleWebKit/537.36 (KHTML, like Gecko) Chrome/123.0.0.0 Mobile Safari/537.36"
79.124.40.174 - - [20/Dec/2025:10:37:11 +0000] "GET /?XDEBUG_SESSION_START=phpstorm HTTP/1.1" 200 437 "-" "Mozilla/5.0 (Windows NT 10.0; Win64; x64) AppleWebKit/537.36 (KHTML, like Gecko) Chrome/78.0.3904.108 Safari/537.36"
157.230.254.13 - - [20/Dec/2025:10:52:27 +0000] "PROPFIND / HTTP/1.1" 200 956 "http://74.208.166.116:443/" "-"
162.142.125.216 - - [20/Dec/2025:10:53:05 +0000] "GET /wiki HTTP/1.1" 200 437 "-" "Mozilla/5.0 (compatible; CensysInspect/1.1; +https://about.censys.io/)"
162.142.125.216 - - [20/Dec/2025:10:53:15 +0000] "GET /images/farm-cow.png HTTP/1.1" 200 437 "-" "Mozilla/5.0 (compatible; CensysInspect/1.1; +https://about.censys.io/)"
162.142.125.216 - - [20/Dec/2025:10:53:23 +0000] "GET /favicon.ico HTTP/1.1" 200 437 "-" "Mozilla/5.0 (compatible; CensysInspect/1.1; +https://about.censys.io/)"
188.166.237.187 - - [20/Dec/2025:11:17:58 +0000] "PROPFIND / HTTP/1.1" 200 956 "http://74.208.166.116:443/" "-"
66.240.205.34 - - [20/Dec/2025:11:36:34 +0000] "145.ll|'|'|SGFjS2VkX0Q0OTkwNjI3|'|'|WIN-JNAPIER0859|'|'|JNapier|'|'|19-02-01|'|'||'|'|Win 7 Professional SP1 x64|'|'|No|'|'|0.7d|'|'|..|'|'|AA==|'|'|112.inf|'|'|SGFjS2VkDQoxOTIuMTY4LjkyLjIyMjo1NTUyDQpEZXNrdG9wDQpjbGllbnRhLmV4ZQ0KRmFsc2UNCkZhbHNlDQpUcnVlDQpGYWxzZQ==12.act|'|'|AA==" 400 166 "-" "-"
65.49.1.132 - - [20/Dec/2025:12:23:21 +0000] "GET / HTTP/1.1" 200 437 "-" "Mozilla/5.0 (X11; Linux x86_64) AppleWebKit/537.36 (KHTML, like Gecko) Chrome/137.0.0.0 Safari/537.36"
40.124.175.234 - - [20/Dec/2025:12:23:36 +0000] "GET /autodiscover/autodiscover.json?@zdi/Powershell HTTP/1.1" 200 437 "-" "Mozilla/5.0 zgrab/0.x"
65.49.1.132 - - [20/Dec/2025:12:27:53 +0000] "GET /webui/ HTTP/1.1" 200 437 "-" "Mozilla/5.0 (Windows NT 10.0.0; Win64; x64; ) AppleWebKit/537.36 (KHTML, like Gecko) Chrome/122.0.6261.156 Not(A:Brand/24 YaBrowser/24.4.1.899 Yowser/2.5  Safari/537.36"
65.49.1.136 - - [20/Dec/2025:12:31:04 +0000] "GET /favicon.ico HTTP/1.1" 200 437 "-" "Mozilla/5.0 (X11; Linux x86_64) AppleWebKit/537.36 (KHTML, like Gecko) HeadlessChrome/120.0.6099.28 Safari/537.36"
65.49.1.136 - - [20/Dec/2025:12:32:25 +0000] "GET / HTTP/1.1" 200 437 "-" "Mozilla/5.0 (X11; Linux x86_64) AppleWebKit/537.36 (KHTML, like Gecko) Chrome/137.0.0.0 Safari/537.36"
34.83.203.92 - - [20/Dec/2025:12:41:55 +0000] "GET / HTTP/1.1" 200 437 "-" "Mozilla/5.0 (Macintosh; Intel Mac OS X 10_15_7) AppleWebKit/537.36 (KHTML, like Gecko) Chrome/108.0.0.0 Safari/537.36"
34.83.203.92 - - [20/Dec/2025:12:41:55 +0000] "GET / HTTP/1.1" 200 437 "-" "Mozilla/5.0 (Macintosh; Intel Mac OS X 10_15_7) AppleWebKit/537.36 (KHTML, like Gecko) Chrome/108.0.0.0 Safari/537.36"
34.83.203.92 - - [20/Dec/2025:12:41:55 +0000] "GET /stylesheets/style.css HTTP/1.1" 200 271 "https://meatlabel.app/" "Mozilla/5.0 (Macintosh; Intel Mac OS X 10_15_7) AppleWebKit/537.36 (KHTML, like Gecko) Chrome/108.0.0.0 Safari/537.36"
34.83.203.92 - - [20/Dec/2025:12:41:55 +0000] "GET /css/bootstrap.min.css HTTP/1.1" 200 155758 "https://meatlabel.app/" "Mozilla/5.0 (Macintosh; Intel Mac OS X 10_15_7) AppleWebKit/537.36 (KHTML, like Gecko) Chrome/108.0.0.0 Safari/537.36"
65.49.1.132 - - [20/Dec/2025:12:43:07 +0000] "GET /geoserver/web/ HTTP/1.1" 200 437 "-" "Mozilla/5.0 (Windows NT 10.0.0; Win64; x64; ) AppleWebKit/537.36 (KHTML, like Gecko) Chrome/122.0.6261.156 Not(A:Brand/24 YaBrowser/24.4.1.899 Yowser/2.5  Safari/537.36"
103.4.250.71 - - [20/Dec/2025:12:44:29 +0000] "GET / HTTP/1.1" 200 437 "-" "Mozilla/5.0 (iPhone; CPU iPhone OS 18_5 like Mac OS X) AppleWebKit/605.1.15 (KHTML, like Gecko) CriOS/138.0.7204.156 Mobile/15E148 Safari/604.1"
103.4.250.71 - - [20/Dec/2025:12:44:29 +0000] "GET /stylesheets/style.css HTTP/1.1" 200 271 "https://meatlabel.app/" "Mozilla/5.0 (iPhone; CPU iPhone OS 18_5 like Mac OS X) AppleWebKit/605.1.15 (KHTML, like Gecko) CriOS/138.0.7204.156 Mobile/15E148 Safari/604.1"
103.4.250.71 - - [20/Dec/2025:12:44:29 +0000] "GET /css/bootstrap.min.css HTTP/1.1" 200 155758 "https://meatlabel.app/" "Mozilla/5.0 (iPhone; CPU iPhone OS 18_5 like Mac OS X) AppleWebKit/605.1.15 (KHTML, like Gecko) CriOS/138.0.7204.156 Mobile/15E148 Safari/604.1"
103.4.250.71 - - [20/Dec/2025:12:44:29 +0000] "GET /images/farm-cow.png HTTP/1.1" 200 437 "https://meatlabel.app/" "Mozilla/5.0 (iPhone; CPU iPhone OS 18_5 like Mac OS X) AppleWebKit/605.1.15 (KHTML, like Gecko) CriOS/138.0.7204.156 Mobile/15E148 Safari/604.1"
65.49.1.132 - - [20/Dec/2025:12:47:06 +0000] "GET /.git/config HTTP/1.1" 200 437 "-" "Mozilla/5.0 (Macintosh; Intel Mac OS X 10_15_7) AppleWebKit/537.36 (KHTML, like Gecko) Chrome/140.0.0.0 Safari/537.36"
79.124.40.174 - - [20/Dec/2025:12:58:37 +0000] "GET /actuator/gateway/routes HTTP/1.1" 200 437 "-" "Mozilla/5.0 (Windows NT 10.0; Win64; x64) AppleWebKit/537.36 (KHTML, like Gecko) Chrome/78.0.3904.108 Safari/537.36"
157.230.254.13 - - [20/Dec/2025:13:02:49 +0000] "PROPFIND / HTTP/1.1" 200 956 "http://74.208.166.116:443/" "-"
193.142.147.209 - - [20/Dec/2025:13:19:28 +0000] "POST / HTTP/1.1" 200 437 "-" "Mozilla/5.0 (Windows NT 10.0; Win64; x64) AppleWebKit/537.36"
34.83.203.92 - - [20/Dec/2025:13:20:33 +0000] "GET / HTTP/1.1" 200 437 "-" "Mozilla/5.0 (Macintosh; Intel Mac OS X 10_15_7) AppleWebKit/537.36 (KHTML, like Gecko) Chrome/108.0.0.0 Safari/537.36"
34.83.203.92 - - [20/Dec/2025:13:20:33 +0000] "GET / HTTP/1.1" 200 437 "-" "Mozilla/5.0 (Macintosh; Intel Mac OS X 10_15_7) AppleWebKit/537.36 (KHTML, like Gecko) Chrome/108.0.0.0 Safari/537.36"
34.83.203.92 - - [20/Dec/2025:13:20:33 +0000] "GET /css/bootstrap.min.css HTTP/1.1" 200 155758 "https://meatlabel.app/" "Mozilla/5.0 (Macintosh; Intel Mac OS X 10_15_7) AppleWebKit/537.36 (KHTML, like Gecko) Chrome/108.0.0.0 Safari/537.36"
34.83.203.92 - - [20/Dec/2025:13:20:33 +0000] "GET /stylesheets/style.css HTTP/1.1" 200 271 "https://meatlabel.app/" "Mozilla/5.0 (Macintosh; Intel Mac OS X 10_15_7) AppleWebKit/537.36 (KHTML, like Gecko) Chrome/108.0.0.0 Safari/537.36"
159.223.94.58 - - [20/Dec/2025:13:33:12 +0000] "PROPFIND / HTTP/1.1" 200 956 "http://74.208.166.116:443/" "-"
34.83.203.92 - - [20/Dec/2025:13:49:26 +0000] "GET / HTTP/1.1" 200 437 "-" "Mozilla/5.0 (Macintosh; Intel Mac OS X 10_15_7) AppleWebKit/537.36 (KHTML, like Gecko) Chrome/108.0.0.0 Safari/537.36"
34.83.203.92 - - [20/Dec/2025:13:49:26 +0000] "GET / HTTP/1.1" 200 437 "-" "Mozilla/5.0 (Macintosh; Intel Mac OS X 10_15_7) AppleWebKit/537.36 (KHTML, like Gecko) Chrome/108.0.0.0 Safari/537.36"
34.83.203.92 - - [20/Dec/2025:13:49:26 +0000] "GET /stylesheets/style.css HTTP/1.1" 200 271 "https://meatlabel.app/" "Mozilla/5.0 (Macintosh; Intel Mac OS X 10_15_7) AppleWebKit/537.36 (KHTML, like Gecko) Chrome/108.0.0.0 Safari/537.36"
34.83.203.92 - - [20/Dec/2025:13:49:26 +0000] "GET /css/bootstrap.min.css HTTP/1.1" 200 155758 "https://meatlabel.app/" "Mozilla/5.0 (Macintosh; Intel Mac OS X 10_15_7) AppleWebKit/537.36 (KHTML, like Gecko) Chrome/108.0.0.0 Safari/537.36"
165.22.101.34 - - [20/Dec/2025:13:51:01 +0000] "PROPFIND / HTTP/1.1" 200 956 "http://74.208.166.116:443/" "-"
34.83.203.92 - - [20/Dec/2025:13:56:54 +0000] "GET / HTTP/1.1" 200 437 "-" "Mozilla/5.0 (Macintosh; Intel Mac OS X 10_15_7) AppleWebKit/537.36 (KHTML, like Gecko) Chrome/108.0.0.0 Safari/537.36"
34.83.203.92 - - [20/Dec/2025:13:56:55 +0000] "GET / HTTP/1.1" 200 437 "-" "Mozilla/5.0 (Macintosh; Intel Mac OS X 10_15_7) AppleWebKit/537.36 (KHTML, like Gecko) Chrome/108.0.0.0 Safari/537.36"
34.83.203.92 - - [20/Dec/2025:13:56:55 +0000] "GET /css/bootstrap.min.css HTTP/1.1" 200 155758 "https://meatlabel.app/" "Mozilla/5.0 (Macintosh; Intel Mac OS X 10_15_7) AppleWebKit/537.36 (KHTML, like Gecko) Chrome/108.0.0.0 Safari/537.36"
34.83.203.92 - - [20/Dec/2025:13:56:55 +0000] "GET /stylesheets/style.css HTTP/1.1" 200 271 "https://meatlabel.app/" "Mozilla/5.0 (Macintosh; Intel Mac OS X 10_15_7) AppleWebKit/537.36 (KHTML, like Gecko) Chrome/108.0.0.0 Safari/537.36"
34.83.203.92 - - [20/Dec/2025:13:57:30 +0000] "GET / HTTP/1.1" 200 437 "-" "Mozilla/5.0 (Macintosh; Intel Mac OS X 10_15_7) AppleWebKit/537.36 (KHTML, like Gecko) Chrome/108.0.0.0 Safari/537.36"
34.83.203.92 - - [20/Dec/2025:13:59:02 +0000] "GET / HTTP/1.1" 200 437 "-" "Mozilla/5.0 (Macintosh; Intel Mac OS X 10_15_7) AppleWebKit/537.36 (KHTML, like Gecko) Chrome/108.0.0.0 Safari/537.36"
34.83.203.92 - - [20/Dec/2025:13:59:02 +0000] "GET / HTTP/1.1" 200 437 "-" "Mozilla/5.0 (Macintosh; Intel Mac OS X 10_15_7) AppleWebKit/537.36 (KHTML, like Gecko) Chrome/108.0.0.0 Safari/537.36"
34.83.203.92 - - [20/Dec/2025:13:59:03 +0000] "GET /css/bootstrap.min.css HTTP/1.1" 200 155758 "https://meatlabel.app/" "Mozilla/5.0 (Macintosh; Intel Mac OS X 10_15_7) AppleWebKit/537.36 (KHTML, like Gecko) Chrome/108.0.0.0 Safari/537.36"
34.83.203.92 - - [20/Dec/2025:13:59:03 +0000] "GET /stylesheets/style.css HTTP/1.1" 200 271 "https://meatlabel.app/" "Mozilla/5.0 (Macintosh; Intel Mac OS X 10_15_7) AppleWebKit/537.36 (KHTML, like Gecko) Chrome/108.0.0.0 Safari/537.36"
34.83.203.92 - - [20/Dec/2025:14:05:03 +0000] "GET / HTTP/1.1" 200 437 "-" "Mozilla/5.0 (Macintosh; Intel Mac OS X 10_15_7) AppleWebKit/537.36 (KHTML, like Gecko) Chrome/108.0.0.0 Safari/537.36"
34.83.203.92 - - [20/Dec/2025:14:05:03 +0000] "GET / HTTP/1.1" 200 437 "-" "Mozilla/5.0 (Macintosh; Intel Mac OS X 10_15_7) AppleWebKit/537.36 (KHTML, like Gecko) Chrome/108.0.0.0 Safari/537.36"
34.83.203.92 - - [20/Dec/2025:14:05:04 +0000] "GET /css/bootstrap.min.css HTTP/1.1" 200 155758 "https://meatlabel.app/" "Mozilla/5.0 (Macintosh; Intel Mac OS X 10_15_7) AppleWebKit/537.36 (KHTML, like Gecko) Chrome/108.0.0.0 Safari/537.36"
34.83.203.92 - - [20/Dec/2025:14:05:04 +0000] "GET /stylesheets/style.css HTTP/1.1" 200 271 "https://meatlabel.app/" "Mozilla/5.0 (Macintosh; Intel Mac OS X 10_15_7) AppleWebKit/537.36 (KHTML, like Gecko) Chrome/108.0.0.0 Safari/537.36"
34.83.203.92 - - [20/Dec/2025:14:08:19 +0000] "GET / HTTP/1.1" 200 437 "-" "Mozilla/5.0 (Macintosh; Intel Mac OS X 10_15_7) AppleWebKit/537.36 (KHTML, like Gecko) Chrome/108.0.0.0 Safari/537.36"
34.83.203.92 - - [20/Dec/2025:14:08:19 +0000] "GET / HTTP/1.1" 200 437 "-" "Mozilla/5.0 (Macintosh; Intel Mac OS X 10_15_7) AppleWebKit/537.36 (KHTML, like Gecko) Chrome/108.0.0.0 Safari/537.36"
34.83.203.92 - - [20/Dec/2025:14:08:19 +0000] "GET /stylesheets/style.css HTTP/1.1" 200 271 "https://meatlabel.app/" "Mozilla/5.0 (Macintosh; Intel Mac OS X 10_15_7) AppleWebKit/537.36 (KHTML, like Gecko) Chrome/108.0.0.0 Safari/537.36"
34.83.203.92 - - [20/Dec/2025:14:08:19 +0000] "GET /css/bootstrap.min.css HTTP/1.1" 200 155758 "https://meatlabel.app/" "Mozilla/5.0 (Macintosh; Intel Mac OS X 10_15_7) AppleWebKit/537.36 (KHTML, like Gecko) Chrome/108.0.0.0 Safari/537.36"
5.187.35.21 - - [20/Dec/2025:14:23:07 +0000] "POST / HTTP/1.1" 200 437 "-" "Go-http-client/1.1"
54.248.60.238 - - [20/Dec/2025:14:23:54 +0000] "GET / HTTP/1.1" 200 437 "-" "Mozilla/5.0 (X11; Linux x86_64) AppleWebKit/537.36 (KHTML, like Gecko) HeadlessChrome/140.0.7339.16 Safari/537.36"
54.248.60.238 - - [20/Dec/2025:14:23:55 +0000] "GET /css/bootstrap.min.css HTTP/1.1" 200 155758 "https://meatlabel.app/" "Mozilla/5.0 (X11; Linux x86_64) AppleWebKit/537.36 (KHTML, like Gecko) HeadlessChrome/140.0.7339.16 Safari/537.36"
54.248.60.238 - - [20/Dec/2025:14:23:55 +0000] "GET /stylesheets/style.css HTTP/1.1" 200 271 "https://meatlabel.app/" "Mozilla/5.0 (X11; Linux x86_64) AppleWebKit/537.36 (KHTML, like Gecko) HeadlessChrome/140.0.7339.16 Safari/537.36"
92.63.197.50 - - [20/Dec/2025:14:33:14 +0000] "GET / HTTP/1.1" 200 437 "-" "Mozilla/5.0 (Windows NT 10.0; Win64; x64) AppleWebKit/537.36 (KHTML, like Gecko) Chrome/140.0.0.0 Safari/537.36"
92.63.197.50 - - [20/Dec/2025:14:33:14 +0000] "GET / HTTP/1.1" 400 666 "-" "Mozilla/5.0 (Windows NT 10.0; Win64; x64) AppleWebKit/537.36 (KHTML, like Gecko) Chrome/140.0.0.0 Safari/537.36"
68.183.234.44 - - [20/Dec/2025:14:41:50 +0000] "PROPFIND / HTTP/1.1" 200 956 "http://74.208.166.116:443/" "-"
157.245.199.254 - - [20/Dec/2025:14:46:31 +0000] "PROPFIND / HTTP/1.1" 200 956 "http://74.208.166.116:443/" "-"
91.232.238.112 - - [20/Dec/2025:15:26:46 +0000] "GET /admin/config.php HTTP/1.0" 200 956 "-" "xfa1"
167.71.222.93 - - [20/Dec/2025:15:41:56 +0000] "PROPFIND / HTTP/1.1" 200 956 "http://74.208.166.116:443/" "-"
95.214.55.71 - - [20/Dec/2025:15:42:57 +0000] "GET / HTTP/1.1" 200 956 "-" "Mozilla/5.0 (X11; Linux x86_64; rv:144.0) Gecko/20100101 Firefox/144.0"
157.245.199.254 - - [20/Dec/2025:16:03:37 +0000] "PROPFIND / HTTP/1.1" 200 956 "http://74.208.166.116:443/" "-"
172.202.118.47 - - [20/Dec/2025:16:15:55 +0000] "GET / HTTP/1.1" 400 264 "-" "Mozilla/5.0 zgrab/0.x"
172.202.118.47 - - [20/Dec/2025:16:15:55 +0000] "MGLNDD_74.208.166.116_443" 400 166 "-" "-"
3.89.73.79 - - [20/Dec/2025:16:19:03 +0000] "GET / HTTP/1.1" 200 437 "-" "Mozilla/5.0 (Windows NT 10.0; Win64; x64) AppleWebKit/537.36 (KHTML, like Gecko) Chrome/60.0.3112.113 Safari/537.36 Assetnote/1.0.0"
3.89.73.79 - - [20/Dec/2025:16:19:03 +0000] "HEAD /apps HTTP/1.1" 200 0 "-" "Mozilla/5.0 (Windows NT 10.0; Win64; x64) AppleWebKit/537.36 (KHTML, like Gecko) Chrome/60.0.3112.113 Safari/537.36 Assetnote/1.0.0"
3.89.73.79 - - [20/Dec/2025:16:19:03 +0000] "POST /apps HTTP/1.1" 200 437 "-" "Mozilla/5.0 (Windows NT 10.0; Win64; x64) AppleWebKit/537.36 (KHTML, like Gecko) Chrome/60.0.3112.113 Safari/537.36 Assetnote/1.0.0"
185.247.137.31 - - [20/Dec/2025:16:20:49 +0000] "GET / HTTP/1.1" 200 437 "-" "Mozilla/5.0 (compatible; InternetMeasurement/1.0; +https://internet-measurement.com/)"
87.236.176.163 - - [20/Dec/2025:16:20:51 +0000] "GET /images/farm-cow.png HTTP/1.1" 200 437 "-" "Mozilla/5.0 (compatible; InternetMeasurement/1.0; +https://internet-measurement.com/)"
161.97.108.245 - - [20/Dec/2025:16:36:25 +0000] "GET /.env HTTP/1.1" 400 264 "-" "Go-http-client/1.1"
161.97.108.245 - - [20/Dec/2025:16:36:26 +0000] "GET / HTTP/1.1" 400 264 "-" "Go-http-client/1.1"
161.97.108.245 - - [20/Dec/2025:16:36:26 +0000] "GET /.env.local HTTP/1.1" 400 264 "-" "Go-http-client/1.1"
178.16.52.192 - - [20/Dec/2025:16:36:57 +0000] "GET /wp-login.php HTTP/1.1" 200 437 "-" "Mozilla/5.0 (Windows NT 10.0; Win64; x64) AppleWebKit/537.36"
193.142.147.209 - - [20/Dec/2025:16:42:24 +0000] "POST / HTTP/1.1" 200 437 "-" "Mozilla/5.0 (Windows NT 10.0; Win64; x64) AppleWebKit/537.36"
188.166.248.96 - - [20/Dec/2025:17:11:48 +0000] "GET /+CSCOL+/Java.jar HTTP/1.1" 200 437 "-" "Mozilla/5.0 (Windows NT 10.0; Win64; x64) AppleWebKit/537.36 (KHTML, like Gecko) Chrome/108.0.0.0 Safari/537.36"
188.166.248.96 - - [20/Dec/2025:17:11:49 +0000] "GET /+CSCOE+/logon_forms.js HTTP/1.1" 200 437 "-" "Mozilla/5.0 (Windows NT 10.0; Win64; x64) AppleWebKit/537.36 (KHTML, like Gecko) Chrome/108.0.0.0 Safari/537.36"
188.166.248.96 - - [20/Dec/2025:17:11:51 +0000] "GET /+CSCOL+/a1.jar HTTP/1.1" 200 437 "-" "Mozilla/5.0 (Windows NT 10.0; Win64; x64) AppleWebKit/537.36 (KHTML, like Gecko) Chrome/108.0.0.0 Safari/537.36"
188.166.248.96 - - [20/Dec/2025:17:11:53 +0000] "GET /+CSCOE+/transfer.js HTTP/1.1" 200 437 "-" "Mozilla/5.0 (Windows NT 10.0; Win64; x64) AppleWebKit/537.36 (KHTML, like Gecko) Chrome/108.0.0.0 Safari/537.36"
185.12.59.118 - - [20/Dec/2025:17:23:15 +0000] "GET / HTTP/1.1" 200 437 "-" "Mozilla/5.0 (Windows NT 10.0; Win64; x64; rv:132.0) Gecko/20100101 Firefox/132.0"
176.65.149.253 - - [20/Dec/2025:17:58:32 +0000] "GET /config.json HTTP/1.0" 200 956 "-" "Mozilla/5.0 (Windows NT 10.0; Win64; x64) AppleWebKit/537.36 (KHTML, like Gecko) Chrome/124.0.0.0 Safari/537.36"
20.168.0.218 - - [20/Dec/2025:18:21:29 +0000] "GET /owa/auth/x.js HTTP/1.1" 200 437 "-" "Mozilla/5.0 zgrab/0.x"
138.197.153.21 - - [20/Dec/2025:18:21:44 +0000] "GET / HTTP/1.1" 200 437 "-" "Mozilla/5.0 (X11; Linux x86_64) AppleWebKit/537.36 (KHTML, like Gecko) Chrome/142.0.0.0 Safari/537.36"
138.197.153.21 - - [20/Dec/2025:18:21:45 +0000] "GET /images/farm-cow.png HTTP/1.1" 200 437 "https://meatlabel.app/" "Mozilla/5.0 (X11; Linux x86_64) AppleWebKit/537.36 (KHTML, like Gecko) Chrome/142.0.0.0 Safari/537.36"
95.214.55.71 - - [20/Dec/2025:19:06:21 +0000] "GET / HTTP/1.1" 200 956 "-" "python-requests/2.31.0"
172.86.105.99 - - [20/Dec/2025:19:30:24 +0000] "GET / HTTP/1.1" 200 437 "-" "Mozilla/5.0 (Windows NT 10.0; Win64; x64) AppleWebKit/537.36 (KHTML, like Gecko) Chrome/102.0.5005.63 Safari/537.36"
193.142.147.209 - - [20/Dec/2025:19:43:49 +0000] "POST / HTTP/1.1" 200 437 "-" "Mozilla/5.0 (Windows NT 10.0; Win64; x64) AppleWebKit/537.36"
67.240.117.81 - - [20/Dec/2025:20:05:55 +0000] "GET / HTTP/1.1" 304 0 "-" "Mozilla/5.0 (Macintosh; Intel Mac OS X 10_15_7) AppleWebKit/537.36 (KHTML, like Gecko) Chrome/143.0.0.0 Safari/537.36"
67.240.117.81 - - [20/Dec/2025:20:05:56 +0000] "GET /css/bootstrap.min.css HTTP/1.1" 304 0 "https://meatlabel.app/" "Mozilla/5.0 (Macintosh; Intel Mac OS X 10_15_7) AppleWebKit/537.36 (KHTML, like Gecko) Chrome/143.0.0.0 Safari/537.36"
67.240.117.81 - - [20/Dec/2025:20:05:56 +0000] "GET /stylesheets/style.css HTTP/1.1" 304 0 "https://meatlabel.app/" "Mozilla/5.0 (Macintosh; Intel Mac OS X 10_15_7) AppleWebKit/537.36 (KHTML, like Gecko) Chrome/143.0.0.0 Safari/537.36"
67.240.117.81 - - [20/Dec/2025:20:05:58 +0000] "POST /login HTTP/1.1" 302 69 "https://meatlabel.app/" "Mozilla/5.0 (Macintosh; Intel Mac OS X 10_15_7) AppleWebKit/537.36 (KHTML, like Gecko) Chrome/143.0.0.0 Safari/537.36"
